Copyright 1986-2022 Xilinx, Inc. All Rights Reserved. Copyright 2022-2023 Advanced Micro Devices, Inc. All Rights Reserved.
---------------------------------------------------------------------------------------------------------------------------------------------
| Tool Version : Vivado v.2023.2 (win64) Build 4029153 Fri Oct 13 20:14:34 MDT 2023
| Date         : Fri Feb 14 22:53:43 2025
| Host         : HackerbookAce running 64-bit major release  (build 9200)
| Command      : report_control_sets -verbose -file sensors96b_control_sets_placed.rpt
| Design       : sensors96b
| Device       : xczu3eg
---------------------------------------------------------------------------------------------------------------------------------------------

Control Set Information

Table of Contents
-----------------
1. Summary
2. Histogram
3. Flip-Flop Distribution
4. Detailed Control Set Information

1. Summary
----------

+----------------------------------------------------------+-------+
|                          Status                          | Count |
+----------------------------------------------------------+-------+
| Total control sets                                       |   109 |
|    Minimum number of control sets                        |   109 |
|    Addition due to synthesis replication                 |     0 |
|    Addition due to physical synthesis replication        |     0 |
| Unused register locations in slices containing registers |   115 |
+----------------------------------------------------------+-------+
* Control sets can be merged at opt_design using control_set_merge or merge_equivalent_drivers
** Run report_qor_suggestions for automated merging and remapping suggestions


2. Histogram
------------

+--------------------+-------+
|       Fanout       | Count |
+--------------------+-------+
| Total control sets |   109 |
| >= 0 to < 4        |    22 |
| >= 4 to < 6        |    30 |
| >= 6 to < 8        |     9 |
| >= 8 to < 10       |    18 |
| >= 10 to < 12      |     5 |
| >= 12 to < 14      |     2 |
| >= 14 to < 16      |     2 |
| >= 16              |    21 |
+--------------------+-------+
* Control sets can be remapped at either synth_design or opt_design


3. Flip-Flop Distribution
-------------------------

+--------------+-----------------------+------------------------+-----------------+--------------+
| Clock Enable | Synchronous Set/Reset | Asynchronous Set/Reset | Total Registers | Total Slices |
+--------------+-----------------------+------------------------+-----------------+--------------+
| No           | No                    | No                     |             286 |           99 |
| No           | No                    | Yes                    |               0 |            0 |
| No           | Yes                   | No                     |             221 |           79 |
| Yes          | No                    | No                     |             479 |           77 |
| Yes          | No                    | Yes                    |               0 |            0 |
| Yes          | Yes                   | No                     |             351 |          100 |
+--------------+-----------------------+------------------------+-----------------+--------------+


4. Detailed Control Set Information
-----------------------------------

+---------------------------------+------------------------------------------------------------------------------------------------------------------------------------------+-------------------------------------------------------------------------------------------------------------------------+------------------+----------------+--------------+
|           Clock Signal          |                                                               Enable Signal                                                              |                                                     Set/Reset Signal                                                    | Slice Load Count | Bel Load Count | Bels / Slice |
+---------------------------------+------------------------------------------------------------------------------------------------------------------------------------------+-------------------------------------------------------------------------------------------------------------------------+------------------+----------------+--------------+
|  zynq_ultra_ps_e_0/inst/pl_clk0 |                                                                                                                                          | ps8_0_axi_periph/xbar/inst/gen_sasd.crossbar_sasd_0/addr_arbiter_inst/aresetn_d_reg[0]                                  |                1 |              2 |         2.00 |
|  zynq_ultra_ps_e_0/inst/pl_clk0 | ps8_0_axi_periph/s00_couplers/auto_pc/inst/gen_axilite.gen_b2s_conv.axilite_b2s/WR.b_channel_0/bresp_fifo_0/E[0]                         | ps8_0_axi_periph/s00_couplers/auto_pc/inst/gen_axilite.gen_b2s_conv.axilite_b2s/WR.b_channel_0/bid_fifo_0/SR[0]         |                1 |              2 |         2.00 |
|  zynq_ultra_ps_e_0/inst/pl_clk0 | axi_uart16550_1/U0/XUART_I_1/UART16550_I_1/dll0                                                                                          | axi_uart16550_1/U0/AXI_LITE_IPIF_I/I_SLAVE_ATTACHMENT/SR[0]                                                             |                1 |              2 |         2.00 |
|  zynq_ultra_ps_e_0/inst/pl_clk0 |                                                                                                                                          | axi_uart16550_1/U0/XUART_I_1/UART16550_I_1/GENERATING_FIFOS.fcr[2]_i_1_n_0                                              |                1 |              2 |         2.00 |
|  zynq_ultra_ps_e_0/inst/pl_clk0 | axi_uart16550_0/U0/XUART_I_1/UART16550_I_1/mcr0                                                                                          | axi_uart16550_0/U0/AXI_LITE_IPIF_I/I_SLAVE_ATTACHMENT/SR[0]                                                             |                1 |              2 |         2.00 |
|  zynq_ultra_ps_e_0/inst/pl_clk0 |                                                                                                                                          | ps8_0_axi_periph/xbar/inst/gen_sasd.crossbar_sasd_0/addr_arbiter_inst/s_arvalid_reg                                     |                1 |              2 |         2.00 |
|  zynq_ultra_ps_e_0/inst/pl_clk0 | ps8_0_axi_periph/s00_couplers/auto_pc/inst/gen_axilite.gen_b2s_conv.axilite_b2s/WR.b_channel_0/bid_fifo_0/bresp_push                     |                                                                                                                         |                1 |              2 |         2.00 |
|  zynq_ultra_ps_e_0/inst/pl_clk0 | ps8_0_axi_periph/s00_couplers/auto_pc/inst/gen_axilite.gen_b2s_conv.axilite_b2s/WR.b_channel_0/bid_fifo_0/E[0]                           | ps8_0_axi_periph/s00_couplers/auto_pc/inst/gen_axilite.gen_b2s_conv.axilite_b2s/areset_d1                               |                2 |              2 |         1.00 |
|  zynq_ultra_ps_e_0/inst/pl_clk0 | ps8_0_axi_periph/s00_couplers/auto_pc/inst/gen_axilite.gen_b2s_conv.axilite_b2s/WR.b_channel_0/bid_fifo_0/cnt_read[1]_i_1_n_0            | ps8_0_axi_periph/s00_couplers/auto_pc/inst/gen_axilite.gen_b2s_conv.axilite_b2s/areset_d1                               |                1 |              2 |         2.00 |
|  zynq_ultra_ps_e_0/inst/pl_clk0 |                                                                                                                                          | proc_sys_reset_0/U0/peripheral_aresetn[0]                                                                               |                1 |              2 |         2.00 |
|  zynq_ultra_ps_e_0/inst/pl_clk0 | axi_uart16550_1/U0/XUART_I_1/UART16550_I_1/dlm0                                                                                          | axi_uart16550_1/U0/AXI_LITE_IPIF_I/I_SLAVE_ATTACHMENT/SR[0]                                                             |                1 |              2 |         2.00 |
|  zynq_ultra_ps_e_0/inst/pl_clk0 |                                                                                                                                          | axi_uart16550_0/U0/XUART_I_1/UART16550_I_1/GENERATING_FIFOS.fcr[2]_i_1_n_0                                              |                1 |              2 |         2.00 |
|  zynq_ultra_ps_e_0/inst/pl_clk0 | axi_uart16550_0/U0/XUART_I_1/UART16550_I_1/fcr1                                                                                          | axi_uart16550_0/U0/AXI_LITE_IPIF_I/I_SLAVE_ATTACHMENT/SR[0]                                                             |                1 |              3 |         3.00 |
|  zynq_ultra_ps_e_0/inst/pl_clk0 | axi_uart16550_1/U0/XUART_I_1/UART16550_I_1/fcr1                                                                                          | axi_uart16550_1/U0/AXI_LITE_IPIF_I/I_SLAVE_ATTACHMENT/SR[0]                                                             |                1 |              3 |         3.00 |
|  zynq_ultra_ps_e_0/inst/pl_clk0 |                                                                                                                                          | ps8_0_axi_periph/xbar/inst/gen_sasd.crossbar_sasd_0/splitter_aw/m_ready_d[2]_i_1_n_0                                    |                1 |              3 |         3.00 |
|  zynq_ultra_ps_e_0/inst/pl_clk0 | axi_uart16550_0/U0/XUART_I_1/UART16550_I_1/mcr0                                                                                          | ps8_0_axi_periph/s00_couplers/auto_pc/inst/gen_axilite.gen_b2s_conv.axilite_b2s/areset_d1                               |                2 |              3 |         1.50 |
|  zynq_ultra_ps_e_0/inst/pl_clk0 |                                                                                                                                          | axi_uart16550_1/U0/XUART_I_1/UART16550_I_1/GENERATING_FIFOS.rx_fifo_block_1/rx_fifo_control_1/p_1_out0                  |                1 |              3 |         3.00 |
|  zynq_ultra_ps_e_0/inst/pl_clk0 |                                                                                                                                          | axi_uart16550_1/U0/XUART_I_1/UART16550_I_1/lsr_reg014_out                                                               |                1 |              3 |         3.00 |
|  zynq_ultra_ps_e_0/inst/pl_clk0 |                                                                                                                                          | axi_uart16550_0/U0/XUART_I_1/UART16550_I_1/GENERATING_FIFOS.rx_fifo_block_1/rx_fifo_control_1/p_1_out0                  |                1 |              3 |         3.00 |
|  zynq_ultra_ps_e_0/inst/pl_clk0 | axi_uart16550_1/U0/XUART_I_1/UART16550_I_1/Lcr0                                                                                          | ps8_0_axi_periph/s00_couplers/auto_pc/inst/gen_axilite.gen_b2s_conv.axilite_b2s/areset_d1                               |                1 |              3 |         3.00 |
|  zynq_ultra_ps_e_0/inst/pl_clk0 |                                                                                                                                          | axi_uart16550_0/U0/XUART_I_1/UART16550_I_1/lsr_reg014_out                                                               |                1 |              3 |         3.00 |
|  zynq_ultra_ps_e_0/inst/pl_clk0 | axi_uart16550_1/U0/AXI_LITE_IPIF_I/I_SLAVE_ATTACHMENT/s_axi_rresp_i                                                                      | axi_uart16550_1/U0/AXI_LITE_IPIF_I/I_SLAVE_ATTACHMENT/SR[0]                                                             |                2 |              3 |         1.50 |
|  zynq_ultra_ps_e_0/inst/pl_clk0 |                                                                                                                                          | ps8_0_axi_periph/s00_couplers/auto_pc/inst/gen_axilite.gen_b2s_conv.axilite_b2s/SI_REG/aw.aw_pipe/aresetn_d_reg[0]_1    |                2 |              4 |         2.00 |
|  zynq_ultra_ps_e_0/inst/pl_clk0 |                                                                                                                                          | ps8_0_axi_periph/s00_couplers/auto_pc/inst/gen_axilite.gen_b2s_conv.axilite_b2s/SI_REG/ar.ar_pipe/aresetn_d_reg_n_0_[1] |                2 |              4 |         2.00 |
|  zynq_ultra_ps_e_0/inst/pl_clk0 |                                                                                                                                          | axi_uart16550_1/U0/XUART_I_1/UART16550_I_1/msr_reg0                                                                     |                1 |              4 |         4.00 |
|  zynq_ultra_ps_e_0/inst/pl_clk0 |                                                                                                                                          | axi_uart16550_0/U0/XUART_I_1/UART16550_I_1/msr_reg0                                                                     |                1 |              4 |         4.00 |
|  zynq_ultra_ps_e_0/inst/pl_clk0 | axi_uart16550_0/U0/XUART_I_1/UART16550_I_1/scr0                                                                                          | axi_uart16550_0/U0/AXI_LITE_IPIF_I/I_SLAVE_ATTACHMENT/SR[0]                                                             |                3 |              4 |         1.33 |
|  zynq_ultra_ps_e_0/inst/pl_clk0 |                                                                                                                                          | axi_uart16550_1/U0/XUART_I_1/UART16550_I_1/rx16550_1/framing_error_flag0                                                |                3 |              4 |         1.33 |
|  zynq_ultra_ps_e_0/inst/pl_clk0 | axi_uart16550_0/U0/XUART_I_1/UART16550_I_1/ier1                                                                                          | axi_uart16550_0/U0/AXI_LITE_IPIF_I/I_SLAVE_ATTACHMENT/SR[0]                                                             |                1 |              4 |         4.00 |
|  zynq_ultra_ps_e_0/inst/pl_clk0 | axi_uart16550_0/U0/XUART_I_1/UART16550_I_1/tx16550_1/clkdiv[3]_i_1_n_0                                                                   | axi_uart16550_0/U0/AXI_LITE_IPIF_I/I_SLAVE_ATTACHMENT/SR[0]                                                             |                1 |              4 |         4.00 |
|  zynq_ultra_ps_e_0/inst/pl_clk0 | axi_uart16550_1/U0/XUART_I_1/UART16550_I_1/tx16550_1/clkdiv[3]_i_1_n_0                                                                   | axi_uart16550_1/U0/AXI_LITE_IPIF_I/I_SLAVE_ATTACHMENT/SR[0]                                                             |                1 |              4 |         4.00 |
|  zynq_ultra_ps_e_0/inst/pl_clk0 | axi_uart16550_1/U0/XUART_I_1/UART16550_I_1/rx16550_1/clkdiv[3]_i_1__0_n_0                                                                |                                                                                                                         |                2 |              4 |         2.00 |
|  zynq_ultra_ps_e_0/inst/pl_clk0 | axi_uart16550_1/U0/AXI_LITE_IPIF_I/I_SLAVE_ATTACHMENT/bus2ip_addr_i[4]_i_1_n_0                                                           | ps8_0_axi_periph/s00_couplers/auto_pc/inst/gen_axilite.gen_b2s_conv.axilite_b2s/areset_d1                               |                3 |              4 |         1.33 |
|  zynq_ultra_ps_e_0/inst/pl_clk0 | axi_uart16550_1/U0/XUART_I_1/UART16550_I_1/msr_reg0                                                                                      |                                                                                                                         |                1 |              4 |         4.00 |
|  zynq_ultra_ps_e_0/inst/pl_clk0 | axi_uart16550_1/U0/XUART_I_1/UART16550_I_1/ier1                                                                                          | axi_uart16550_1/U0/AXI_LITE_IPIF_I/I_SLAVE_ATTACHMENT/SR[0]                                                             |                1 |              4 |         4.00 |
|  zynq_ultra_ps_e_0/inst/pl_clk0 | axi_uart16550_1/U0/XUART_I_1/UART16550_I_1/GENERATING_FIFOS.rx_error_in_fifo_cnt[3]_i_2_n_0                                              | axi_uart16550_1/U0/XUART_I_1/UART16550_I_1/GENERATING_FIFOS.rx_error_in_fifo_cnt[3]_i_1_n_0                             |                1 |              4 |         4.00 |
|  zynq_ultra_ps_e_0/inst/pl_clk0 | axi_uart16550_0/U0/XUART_I_1/UART16550_I_1/rx16550_1/clkdiv[3]_i_1__0_n_0                                                                |                                                                                                                         |                3 |              4 |         1.33 |
|  zynq_ultra_ps_e_0/inst/pl_clk0 | axi_uart16550_0/U0/AXI_LITE_IPIF_I/I_SLAVE_ATTACHMENT/bus2ip_addr_i[4]_i_1_n_0                                                           | ps8_0_axi_periph/s00_couplers/auto_pc/inst/gen_axilite.gen_b2s_conv.axilite_b2s/areset_d1                               |                1 |              4 |         4.00 |
|  zynq_ultra_ps_e_0/inst/pl_clk0 |                                                                                                                                          | axi_uart16550_0/U0/XUART_I_1/UART16550_I_1/rx16550_1/framing_error_flag0                                                |                2 |              4 |         2.00 |
|  zynq_ultra_ps_e_0/inst/pl_clk0 | axi_uart16550_0/U0/XUART_I_1/UART16550_I_1/GENERATING_FIFOS.rx_error_in_fifo_cnt[3]_i_2_n_0                                              | axi_uart16550_0/U0/XUART_I_1/UART16550_I_1/GENERATING_FIFOS.rx_error_in_fifo_cnt[3]_i_1_n_0                             |                1 |              4 |         4.00 |
|  zynq_ultra_ps_e_0/inst/pl_clk0 | axi_uart16550_0/U0/XUART_I_1/UART16550_I_1/msr_reg0                                                                                      |                                                                                                                         |                1 |              4 |         4.00 |
|  zynq_ultra_ps_e_0/inst/pl_clk0 | axi_uart16550_0/U0/XUART_I_1/UART16550_I_1/scr0                                                                                          | ps8_0_axi_periph/s00_couplers/auto_pc/inst/gen_axilite.gen_b2s_conv.axilite_b2s/areset_d1                               |                2 |              4 |         2.00 |
|  zynq_ultra_ps_e_0/inst/pl_clk0 |                                                                                                                                          | proc_sys_reset_0/U0/EXT_LPF/lpf_int                                                                                     |                2 |              5 |         2.50 |
|  zynq_ultra_ps_e_0/inst/pl_clk0 | axi_uart16550_1/U0/AXI_LITE_IPIF_I/I_SLAVE_ATTACHMENT/s_axi_rresp_i                                                                      | ps8_0_axi_periph/s00_couplers/auto_pc/inst/gen_axilite.gen_b2s_conv.axilite_b2s/areset_d1                               |                3 |              5 |         1.67 |
|  zynq_ultra_ps_e_0/inst/pl_clk0 | ps8_0_axi_periph/s00_couplers/auto_pc/inst/gen_axilite.gen_b2s_conv.axilite_b2s/WR.aw_channel_0/aw_cmd_fsm_0/sel_first_reg_1[0]          |                                                                                                                         |                2 |              5 |         2.50 |
|  zynq_ultra_ps_e_0/inst/pl_clk0 | ps8_0_axi_periph/s00_couplers/auto_pc/inst/gen_axilite.gen_b2s_conv.axilite_b2s/RD.ar_channel_0/ar_cmd_fsm_0/sel_first_reg[0]            |                                                                                                                         |                4 |              5 |         1.25 |
|  zynq_ultra_ps_e_0/inst/pl_clk0 | ps8_0_axi_periph/s00_couplers/auto_pc/inst/gen_axilite.gen_b2s_conv.axilite_b2s/RD.ar_channel_0/ar_cmd_fsm_0/E[0]                        |                                                                                                                         |                3 |              5 |         1.67 |
|  zynq_ultra_ps_e_0/inst/pl_clk0 | ps8_0_axi_periph/s00_couplers/auto_pc/inst/gen_axilite.gen_b2s_conv.axilite_b2s/RD.r_channel_0/rd_data_fifo_0/cnt_read[4]_i_1_n_0        | ps8_0_axi_periph/s00_couplers/auto_pc/inst/gen_axilite.gen_b2s_conv.axilite_b2s/areset_d1                               |                3 |              5 |         1.67 |
|  zynq_ultra_ps_e_0/inst/pl_clk0 | ps8_0_axi_periph/s00_couplers/auto_pc/inst/gen_axilite.gen_b2s_conv.axilite_b2s/RD.r_channel_0/transaction_fifo_0/cnt_read[4]_i_1__0_n_0 | ps8_0_axi_periph/s00_couplers/auto_pc/inst/gen_axilite.gen_b2s_conv.axilite_b2s/areset_d1                               |                1 |              5 |         5.00 |
|  zynq_ultra_ps_e_0/inst/pl_clk0 | ps8_0_axi_periph/s00_couplers/auto_pc/inst/gen_axilite.gen_b2s_conv.axilite_b2s/WR.aw_channel_0/aw_cmd_fsm_0/E[0]                        |                                                                                                                         |                3 |              5 |         1.67 |
|  zynq_ultra_ps_e_0/inst/pl_clk0 | axi_uart16550_1/U0/XUART_I_1/UART16550_I_1/Lcr0                                                                                          | axi_uart16550_1/U0/AXI_LITE_IPIF_I/I_SLAVE_ATTACHMENT/SR[0]                                                             |                3 |              5 |         1.67 |
|  zynq_ultra_ps_e_0/inst/pl_clk0 | axi_uart16550_1/U0/XUART_I_1/UART16550_I_1/mcr0                                                                                          | axi_uart16550_1/U0/AXI_LITE_IPIF_I/I_SLAVE_ATTACHMENT/SR[0]                                                             |                2 |              5 |         2.50 |
|  zynq_ultra_ps_e_0/inst/pl_clk0 |                                                                                                                                          | axi_uart16550_0/U0/XUART_I_1/UART16550_I_1/GENERATING_FIFOS.tx_fifo_rst                                                 |                2 |              6 |         3.00 |
|  zynq_ultra_ps_e_0/inst/pl_clk0 | proc_sys_reset_0/U0/SEQ/seq_cnt_en                                                                                                       | proc_sys_reset_0/U0/SEQ/seq_clr                                                                                         |                1 |              6 |         6.00 |
|  zynq_ultra_ps_e_0/inst/pl_clk0 |                                                                                                                                          | axi_uart16550_1/U0/XUART_I_1/UART16550_I_1/GENERATING_FIFOS.tx_fifo_rst                                                 |                2 |              6 |         3.00 |
|  zynq_ultra_ps_e_0/inst/pl_clk0 | axi_uart16550_1/U0/XUART_I_1/UART16550_I_1/dlm0                                                                                          | ps8_0_axi_periph/s00_couplers/auto_pc/inst/gen_axilite.gen_b2s_conv.axilite_b2s/areset_d1                               |                2 |              6 |         3.00 |
|  zynq_ultra_ps_e_0/inst/pl_clk0 | axi_uart16550_1/U0/XUART_I_1/UART16550_I_1/dll0                                                                                          | ps8_0_axi_periph/s00_couplers/auto_pc/inst/gen_axilite.gen_b2s_conv.axilite_b2s/areset_d1                               |                3 |              6 |         2.00 |
|  zynq_ultra_ps_e_0/inst/pl_clk0 |                                                                                                                                          | axi_uart16550_1/U0/XUART_I_1/UART16550_I_1/GENERATING_FIFOS.rx_fifo_rst                                                 |                2 |              6 |         3.00 |
|  zynq_ultra_ps_e_0/inst/pl_clk0 |                                                                                                                                          | axi_uart16550_0/U0/XUART_I_1/UART16550_I_1/GENERATING_FIFOS.rx_fifo_rst                                                 |                2 |              6 |         3.00 |
|  zynq_ultra_ps_e_0/inst/pl_clk0 | axi_uart16550_1/U0/XUART_I_1/UART16550_I_1/rx16550_1/clk1x                                                                               | axi_uart16550_1/U0/XUART_I_1/UART16550_I_1/rx16550_1/parity_error_d0                                                    |                5 |              7 |         1.40 |
|  zynq_ultra_ps_e_0/inst/pl_clk0 | axi_uart16550_0/U0/XUART_I_1/UART16550_I_1/rx16550_1/clk1x                                                                               | axi_uart16550_0/U0/XUART_I_1/UART16550_I_1/rx16550_1/parity_error_d0                                                    |                5 |              7 |         1.40 |
|  zynq_ultra_ps_e_0/inst/pl_clk0 | ps8_0_axi_periph/s00_couplers/auto_pc/inst/gen_axilite.gen_b2s_conv.axilite_b2s/WR.b_channel_0/mhandshake_r                              | ps8_0_axi_periph/s00_couplers/auto_pc/inst/gen_axilite.gen_b2s_conv.axilite_b2s/WR.b_channel_0/bid_fifo_0/SR[0]         |                3 |              8 |         2.67 |
|  zynq_ultra_ps_e_0/inst/pl_clk0 | axi_uart16550_1/U0/XUART_I_1/UART16550_I_1/Thr0                                                                                          | axi_uart16550_1/U0/AXI_LITE_IPIF_I/I_SLAVE_ATTACHMENT/SR[0]                                                             |                2 |              8 |         4.00 |
|  zynq_ultra_ps_e_0/inst/pl_clk0 | axi_uart16550_0/U0/XUART_I_1/UART16550_I_1/rx16550_1/rbr_d0                                                                              | axi_uart16550_0/U0/XUART_I_1/UART16550_I_1/rx16550_1/rx_rst                                                             |                2 |              8 |         4.00 |
|  zynq_ultra_ps_e_0/inst/pl_clk0 | axi_uart16550_1/U0/XUART_I_1/UART16550_I_1/xuart_tx_load_sm_1/tsr_com                                                                    | axi_uart16550_1/U0/AXI_LITE_IPIF_I/I_SLAVE_ATTACHMENT/SR[0]                                                             |                3 |              8 |         2.67 |
|  zynq_ultra_ps_e_0/inst/pl_clk0 | axi_uart16550_1/U0/XUART_I_1/UART16550_I_1/GENERATING_FIFOS.tx_fifo_block_1/srl_fifo_rbu_f_i1/DYNSHREG_F_I/tx_fifo_wr_en_i               |                                                                                                                         |                1 |              8 |         8.00 |
|  zynq_ultra_ps_e_0/inst/pl_clk0 | axi_uart16550_1/U0/XUART_I_1/UART16550_I_1/rx16550_1/clk1x_d                                                                             | axi_uart16550_1/U0/XUART_I_1/UART16550_I_1/rx16550_1/rx_rst                                                             |                2 |              8 |         4.00 |
|  zynq_ultra_ps_e_0/inst/pl_clk0 | axi_uart16550_0/U0/AXI_LITE_IPIF_I/I_SLAVE_ATTACHMENT/s_axi_rresp_i                                                                      | ps8_0_axi_periph/s00_couplers/auto_pc/inst/gen_axilite.gen_b2s_conv.axilite_b2s/areset_d1                               |                4 |              8 |         2.00 |
|  zynq_ultra_ps_e_0/inst/pl_clk0 | axi_uart16550_1/U0/XUART_I_1/UART16550_I_1/rx16550_1/rbr_d0                                                                              | axi_uart16550_1/U0/XUART_I_1/UART16550_I_1/rx16550_1/rx_rst                                                             |                2 |              8 |         4.00 |
|  zynq_ultra_ps_e_0/inst/pl_clk0 | axi_uart16550_0/U0/XUART_I_1/UART16550_I_1/rx16550_1/clk1x_d                                                                             | axi_uart16550_0/U0/XUART_I_1/UART16550_I_1/rx16550_1/rx_rst                                                             |                2 |              8 |         4.00 |
|  zynq_ultra_ps_e_0/inst/pl_clk0 | axi_uart16550_0/U0/XUART_I_1/UART16550_I_1/xuart_tx_load_sm_1/tsr_com                                                                    | axi_uart16550_0/U0/AXI_LITE_IPIF_I/I_SLAVE_ATTACHMENT/SR[0]                                                             |                4 |              8 |         2.00 |
|  zynq_ultra_ps_e_0/inst/pl_clk0 | axi_uart16550_0/U0/XUART_I_1/UART16550_I_1/GENERATING_FIFOS.tx_fifo_block_1/srl_fifo_rbu_f_i1/DYNSHREG_F_I/tx_fifo_wr_en_i               |                                                                                                                         |                1 |              8 |         8.00 |
|  zynq_ultra_ps_e_0/inst/pl_clk0 | axi_uart16550_0/U0/XUART_I_1/UART16550_I_1/Lcr0                                                                                          | axi_uart16550_0/U0/AXI_LITE_IPIF_I/I_SLAVE_ATTACHMENT/SR[0]                                                             |                5 |              8 |         1.60 |
|  zynq_ultra_ps_e_0/inst/pl_clk0 | axi_uart16550_0/U0/XUART_I_1/UART16550_I_1/Thr0                                                                                          | axi_uart16550_0/U0/AXI_LITE_IPIF_I/I_SLAVE_ATTACHMENT/SR[0]                                                             |                5 |              8 |         1.60 |
|  zynq_ultra_ps_e_0/inst/pl_clk0 | axi_uart16550_0/U0/XUART_I_1/UART16550_I_1/dlm0                                                                                          | axi_uart16550_0/U0/AXI_LITE_IPIF_I/I_SLAVE_ATTACHMENT/SR[0]                                                             |                4 |              8 |         2.00 |
|  zynq_ultra_ps_e_0/inst/pl_clk0 | axi_uart16550_0/U0/XUART_I_1/UART16550_I_1/dll0                                                                                          | axi_uart16550_0/U0/AXI_LITE_IPIF_I/I_SLAVE_ATTACHMENT/SR[0]                                                             |                3 |              8 |         2.67 |
|  zynq_ultra_ps_e_0/inst/pl_clk0 | axi_uart16550_1/U0/XUART_I_1/UART16550_I_1/scr0                                                                                          | axi_uart16550_1/U0/AXI_LITE_IPIF_I/I_SLAVE_ATTACHMENT/SR[0]                                                             |                5 |              8 |         1.60 |
|  zynq_ultra_ps_e_0/inst/pl_clk0 | axi_uart16550_0/U0/XUART_I_1/UART16550_I_1/readStrobe                                                                                    | axi_uart16550_0/U0/AXI_LITE_IPIF_I/I_SLAVE_ATTACHMENT/SR[0]                                                             |                4 |              8 |         2.00 |
|  zynq_ultra_ps_e_0/inst/pl_clk0 | axi_uart16550_1/U0/XUART_I_1/UART16550_I_1/readStrobe                                                                                    | axi_uart16550_1/U0/AXI_LITE_IPIF_I/I_SLAVE_ATTACHMENT/SR[0]                                                             |                4 |              8 |         2.00 |
|  zynq_ultra_ps_e_0/inst/pl_clk0 | axi_uart16550_0/U0/XUART_I_1/UART16550_I_1/GENERATING_FIFOS.rx_fifo_block_1/rx_fifo_control_1/character_counter0                         | axi_uart16550_0/U0/XUART_I_1/UART16550_I_1/rx16550_1/SR[0]                                                              |                2 |             10 |         5.00 |
|  zynq_ultra_ps_e_0/inst/pl_clk0 | axi_uart16550_1/U0/XUART_I_1/UART16550_I_1/GENERATING_FIFOS.rx_fifo_block_1/rx_fifo_control_1/character_counter0                         | axi_uart16550_1/U0/XUART_I_1/UART16550_I_1/rx16550_1/SR[0]                                                              |                2 |             10 |         5.00 |
|  zynq_ultra_ps_e_0/inst/pl_clk0 | axi_uart16550_0/U0/XUART_I_1/UART16550_I_1/rx16550_1/rx_fifo_wr_en_i                                                                     |                                                                                                                         |                1 |             11 |        11.00 |
|  zynq_ultra_ps_e_0/inst/pl_clk0 | axi_uart16550_1/U0/XUART_I_1/UART16550_I_1/rx16550_1/rx_fifo_wr_en_i                                                                     |                                                                                                                         |                1 |             11 |        11.00 |
|  zynq_ultra_ps_e_0/inst/pl_clk0 |                                                                                                                                          | ps8_0_axi_periph/xbar/inst/gen_sasd.crossbar_sasd_0/aresetn_d                                                           |                4 |             11 |         2.75 |
|  zynq_ultra_ps_e_0/inst/pl_clk0 | axi_uart16550_0/U0/XUART_I_1/UART16550_I_1/rx16550_1/rclk_int                                                                            | axi_uart16550_0/U0/XUART_I_1/UART16550_I_1/rx16550_1/rx_rst                                                             |                3 |             12 |         4.00 |
|  zynq_ultra_ps_e_0/inst/pl_clk0 | axi_uart16550_1/U0/XUART_I_1/UART16550_I_1/rx16550_1/rclk_int                                                                            | axi_uart16550_1/U0/XUART_I_1/UART16550_I_1/rx16550_1/rx_rst                                                             |                7 |             12 |         1.71 |
|  zynq_ultra_ps_e_0/inst/pl_clk0 | axi_uart16550_0/U0/XUART_I_1/UART16550_I_1/tx16550_1/Sout0                                                                               | axi_uart16550_0/U0/AXI_LITE_IPIF_I/I_SLAVE_ATTACHMENT/SR[0]                                                             |                7 |             14 |         2.00 |
|  zynq_ultra_ps_e_0/inst/pl_clk0 | axi_uart16550_1/U0/XUART_I_1/UART16550_I_1/tx16550_1/Sout0                                                                               | axi_uart16550_1/U0/AXI_LITE_IPIF_I/I_SLAVE_ATTACHMENT/SR[0]                                                             |                7 |             14 |         2.00 |
|  zynq_ultra_ps_e_0/inst/pl_clk0 | ps8_0_axi_periph/s00_couplers/auto_pc/inst/gen_axilite.gen_b2s_conv.axilite_b2s/WR.aw_channel_0/aw_cmd_fsm_0/m_valid_i_reg[0]            |                                                                                                                         |                6 |             17 |         2.83 |
|  zynq_ultra_ps_e_0/inst/pl_clk0 | ps8_0_axi_periph/s00_couplers/auto_pc/inst/gen_axilite.gen_b2s_conv.axilite_b2s/RD.ar_channel_0/ar_cmd_fsm_0/m_valid_i_reg[0]            |                                                                                                                         |                6 |             17 |         2.83 |
|  zynq_ultra_ps_e_0/inst/pl_clk0 | ps8_0_axi_periph/s00_couplers/auto_pc/inst/gen_axilite.gen_b2s_conv.axilite_b2s/RD.r_channel_0/r_push_r                                  |                                                                                                                         |                3 |             17 |         5.67 |
|  zynq_ultra_ps_e_0/inst/pl_clk0 | ps8_0_axi_periph/s00_couplers/auto_pc/inst/gen_axilite.gen_b2s_conv.axilite_b2s/SI_REG/b.b_pipe/p_1_in                                   |                                                                                                                         |                3 |             18 |         6.00 |
|  zynq_ultra_ps_e_0/inst/pl_clk0 |                                                                                                                                          | axi_uart16550_1/U0/XUART_I_1/UART16550_I_1/rx16550_1/rx_rst                                                             |                8 |             18 |         2.25 |
|  zynq_ultra_ps_e_0/inst/pl_clk0 |                                                                                                                                          | axi_uart16550_0/U0/XUART_I_1/UART16550_I_1/rx16550_1/rx_rst                                                             |                7 |             18 |         2.57 |
|  zynq_ultra_ps_e_0/inst/pl_clk0 | ps8_0_axi_periph/s00_couplers/auto_pc/inst/gen_axilite.gen_b2s_conv.axilite_b2s/SI_REG/b.b_pipe/s_ready_i_reg_0                          |                                                                                                                         |                3 |             18 |         6.00 |
|  zynq_ultra_ps_e_0/inst/pl_clk0 |                                                                                                                                          | axi_uart16550_0/U0/AXI_LITE_IPIF_I/I_SLAVE_ATTACHMENT/SR[0]                                                             |               12 |             22 |         1.83 |
|  zynq_ultra_ps_e_0/inst/pl_clk0 | ps8_0_axi_periph/s00_couplers/auto_pc/inst/gen_axilite.gen_b2s_conv.axilite_b2s/WR.aw_channel_0/aw_cmd_fsm_0/cnt_read_reg[0]             |                                                                                                                         |                2 |             24 |        12.00 |
|  zynq_ultra_ps_e_0/inst/pl_clk0 | ps8_0_axi_periph/xbar/inst/gen_sasd.crossbar_sasd_0/addr_arbiter_inst/p_0_in1_in                                                         | ps8_0_axi_periph/xbar/inst/gen_sasd.crossbar_sasd_0/aresetn_d                                                           |                9 |             27 |         3.00 |
|  zynq_ultra_ps_e_0/inst/pl_clk0 | ps8_0_axi_periph/s00_couplers/auto_pc/inst/gen_axilite.gen_b2s_conv.axilite_b2s/RD.r_channel_0/rd_data_fifo_0/wr_en0                     |                                                                                                                         |                5 |             34 |         6.80 |
|  zynq_ultra_ps_e_0/inst/pl_clk0 | ps8_0_axi_periph/xbar/inst/gen_sasd.crossbar_sasd_0/addr_arbiter_inst/E[0]                                                               |                                                                                                                         |               12 |             35 |         2.92 |
|  zynq_ultra_ps_e_0/inst/pl_clk0 |                                                                                                                                          | axi_uart16550_1/U0/AXI_LITE_IPIF_I/I_SLAVE_ATTACHMENT/SR[0]                                                             |               18 |             36 |         2.00 |
|  zynq_ultra_ps_e_0/inst/pl_clk0 |                                                                                                                                          | ps8_0_axi_periph/s00_couplers/auto_pc/inst/gen_axilite.gen_b2s_conv.axilite_b2s/areset_d1                               |               12 |             38 |         3.17 |
|  zynq_ultra_ps_e_0/inst/pl_clk0 | ps8_0_axi_periph/s00_couplers/auto_pc/inst/gen_axilite.gen_b2s_conv.axilite_b2s/SI_REG/r.r_pipe/p_1_in                                   |                                                                                                                         |               10 |             51 |         5.10 |
|  zynq_ultra_ps_e_0/inst/pl_clk0 | ps8_0_axi_periph/s00_couplers/auto_pc/inst/gen_axilite.gen_b2s_conv.axilite_b2s/SI_REG/r.r_pipe/si_rs_rready                             |                                                                                                                         |               10 |             51 |         5.10 |
|  zynq_ultra_ps_e_0/inst/pl_clk0 | ps8_0_axi_periph/s00_couplers/auto_pc/inst/gen_axilite.gen_b2s_conv.axilite_b2s/SI_REG/ar.ar_pipe/s_ready_i_reg_0                        |                                                                                                                         |               16 |             59 |         3.69 |
|  zynq_ultra_ps_e_0/inst/pl_clk0 | ps8_0_axi_periph/s00_couplers/auto_pc/inst/gen_axilite.gen_b2s_conv.axilite_b2s/SI_REG/aw.aw_pipe/s_ready_i_reg_0                        |                                                                                                                         |               14 |             59 |         4.21 |
|  zynq_ultra_ps_e_0/inst/pl_clk0 | ps8_0_axi_periph/s00_couplers/auto_pc/inst/gen_axilite.gen_b2s_conv.axilite_b2s/RD.ar_channel_0/ar_cmd_fsm_0/m_valid_i_reg_0[0]          |                                                                                                                         |               15 |             59 |         3.93 |
|  zynq_ultra_ps_e_0/inst/pl_clk0 | ps8_0_axi_periph/s00_couplers/auto_pc/inst/gen_axilite.gen_b2s_conv.axilite_b2s/WR.aw_channel_0/aw_cmd_fsm_0/m_valid_i_reg_0[0]          |                                                                                                                         |               14 |             59 |         4.21 |
|  zynq_ultra_ps_e_0/inst/pl_clk0 |                                                                                                                                          |                                                                                                                         |               99 |            287 |         2.90 |
+---------------------------------+------------------------------------------------------------------------------------------------------------------------------------------+-------------------------------------------------------------------------------------------------------------------------+------------------+----------------+--------------+


